{
  "name": "Bohemian Rhapsody - Remastered 2011",
  "id": "4u7EnebtmKWzUH433cf5Qv",
  "uri": "spotify:track:4u7EnebtmKWzUH433cf5Qv",
  "duration_ms": 354320,
  "preview_url": "https://p.scdn.co/mp3-preview/45a4e7ca9303320ce416f59f257b9814c5fcc3a5?cid=162b7dc01f3a4bc2a3cd9a400445d291",
  "is_playable": true,
  "artists": [
    {
      "name": "Queen",
      "id": "1dfeR4HaWDbWqFHLkxsg1d",
      "uri": "spotify:artist:1dfeR4HaWDbWqFHLkxsg1d"
    }
  ],
  "album": {
    "name": "A Night At The Opera (2011 Remaster)",
    "id": "1GbtB4zTqAsyfZEsm1RZfx",
    "uri": "spotify:album:1GbtB4zTqAsyfZEsm1RZfx",
    "images": [
      {
        "url": "https://i.scdn.co/image/ab67616d0000b273c5755e5993bdc4e4fab53c3e",
        "height": 640,
        "width": 640
      },
      {
        "url": "https://i.scdn.co/image/ab67616d00001e02c5755e5993bdc4e4fab53c3e",
        "height": 300,
        "width": 300
      },
      {
        "url": "https://i.scdn.co/image/ab67616d00004851c5755e5993bdc4e4fab53c3e",
        "height": 64,
        "width": 64
      }
    ],
    "release_date": "1975-11-21",
    "total_tracks": 12,
    "type": "album"
  },
  "lyrics": [
    {
      "text": "Is this the real life?",
      "start_time_ms": 0,
      "end_time_ms": 4000
    },
    {
      "text": "Is this just fantasy?",
      "start_time_ms": 4000,
      "end_time_ms": 8000
    },
    {
      "text": "Caught in a landslide",
      "start_time_ms": 8000,
      "end_time_ms": 12000
    },
    {
      "text": "No escape from reality",
      "start_time_ms": 12000,
      "end_time_ms": 16000
    },
    {
      "text": "Open your eyes",
      "start_time_ms": 16000,
      "end_time_ms": 20000
    },
    {
      "text": "Look up to the skies and see",
      "start_time_ms": 20000,
      "end_time_ms": 24000
    }
  ]
}